Create version control account on GitHub and using Git commands to create repository and push your code to GitHub

Roll No – 03

DELL@DESKTOP-72U7V6Q MINGW64 ~

$ cd C:

DELL@DESKTOP-72U7V6Q MINGW64 /c

$ cd gitass

DELL@DESKTOP-72U7V6Q MINGW64 /c/gitass

$ git --version

git version 2.36.0.windows.1

DELL@DESKTOP-72U7V6Q MINGW64 /c/gitass

$ git config --global user.name sakshiaware

DELL@DESKTOP-72U7V6Q MINGW64 /c/gitass

$ git config --global user.email "sakshiaware123@gmail.com"

DELL@DESKTOP-72U7V6Q MINGW64 /c/gitass

$ git init

Initialized empty Git repository in C:/gitass/.git/

DELL@DESKTOP-72U7V6Q MINGW64 /c/gitass (master)

$ git add newajax.html

DELL@DESKTOP-72U7V6Q MINGW64 /c/gitass (master)

$ git commit -m "first commit"

[master (root-commit) cdd72be] first commit

1 file changed, 82 insertions(+)

create mode 100644 newajax.html

DELL@DESKTOP-72U7V6Q MINGW64 /c/gitass (master)

$ git remote add origin https://github.com/sakshiaware/Application1.git

DELL@DESKTOP-72U7V6Q MINGW64 /c/gitass (master)

$ git pull --rebase origin master

fatal: couldn't find remote ref master

DELL@DESKTOP-72U7V6Q MINGW64 /c/gitass (master)

$ git push -u origin master

Enumerating objects: 3, done.

Counting objects: 100% (3/3), done.

Delta compression using up to 8 threads

Compressing objects: 100% (2/2), done.

Writing objects: 100% (3/3), 1.04 KiB | 1.04 MiB/s, done.

Total 3 (delta 0), reused 0 (delta 0), pack-reused 0

To https://github.com/sakshiaware/Application1.git

* [new branch] master -> master

branch 'master' set up to track 'origin/master'.

DELL@DESKTOP-72U7V6Q MINGW64 /c/gitass (master)

$ git status

On branch master

Your branch is up to date with 'origin/master'.

nothing to commit, working tree clean

DELL@DESKTOP-72U7V6Q MINGW64 /c/gitass (master)

$ git reflog

cdd72be (HEAD -> master, origin/master) HEAD@{0}: commit (initial): first commit

DELL@DESKTOP-72U7V6Q MINGW64 /c/gitass (master)

$ ls

'Screenshot (275).png' 'Screenshot (276).png' 'Screenshot (277).png' newajax.html

DELL@DESKTOP-72U7V6Q MINGW64 /c/gitass (master)

$ ssh-keygen -t rsa -b 4096 -C "sakshiaware123@gmail.com"

Generating public/private rsa key pair.

Enter file in which to save the key (/c/Users/DELL/.ssh/id_rsa): c

Enter passphrase (empty for no passphrase):

Enter same passphrase again:

Your identification has been saved in c

Your public key has been saved in c.pub

The key fingerprint is:

SHA256:b7m5XXbykzNmGeCkdOZdQJfXr+RpGwI4gKV6O+XeXSQ sakshiaware123@gmail.com

The key's randomart image is:

+---[RSA 4096]----+

| o. .. +|

| ... .oo|

| . . . .o|

| . o .. =. o|

| . . . S.E.Oooo.|

| . + . =.o*o |

| o . + .o+o=|

| o . o = o.% |

| . . =.. o =|

+----[SHA256]-----+





00000000002.regtrans-ms
        ../../New folder (2)/
        ../../OneDrive/
        ../../Pictures/
        ../../PycharmProjects/
        ../../Saved Games/
        ../../Searches/
        ../../Untitled.ipynb
        ../../Untitled1.ipynb
        ../../Videos/
        ../../anaconda3/
        ../../ntuser.dat.LOG1
        ../../ntuser.dat.LOG2
        ../../ntuser.ini
        ../../seaborn-data/

nothing added to commit but untracked files present (use "git add" to track)

Himanshu@DESKTOP-AU6V58F MINGW64 ~/Desktop/Revision (master)
$ git remote add origin git@github.com:himanshuch9422/Revision.git

Himanshu@DESKTOP-AU6V58F MINGW64 ~/Desktop/Revision (master)
$ git add .

Himanshu@DESKTOP-AU6V58F MINGW64 ~/Desktop/Revision (master)
$ git commit -m "Changes"
[master (root-commit) 4e37420] Changes
 2 files changed, 29 insertions(+)
 create mode 100644 Desktop/Revision/Test.txt
 create mode 100644 Desktop/Revision/ajax.html

Himanshu@DESKTOP-AU6V58F MINGW64 ~/Desktop/Revision (master)
$ git push -u origin master
Enumerating objects: 6, done.
Counting objects: 100% (6/6), done.
Delta compression using up to 8 threads
Compressing objects: 100% (3/3), done.
Writing objects: 100% (6/6), 785 bytes | 392.00 KiB/s, done.
Total 6 (delta 0), reused 0 (delta 0), pack-reused 0
To github.com:himanshuch9422/Revision.git
 * [new branch]      master -> master
Branch 'master' set up to track remote branch 'master' from 'origin'.

Himanshu@DESKTOP-AU6V58F MINGW64 ~/Desktop/Revision (master)
$ git log
commit 4e37420241cba21cc3a78b81291e857f4208b67a (HEAD -> master, origin/master)
Author: Himanshu <himanshuch9422@gmail.com>
Date:   Thu May 26 10:31:06 2022 +0530

    Changes

Himanshu@DESKTOP-AU6V58F MINGW64 ~/Desktop/Revision (master)
$ git pull origin master
From github.com:himanshuch9422/Revision
 * branch            master     -> FETCH_HEAD
Already up to date.

Himanshu@DESKTOP-AU6V58F MINGW64 ~/Desktop/Revision (master)
$ ^C

Himanshu@DESKTOP-AU6V58F MINGW64 ~/Desktop/Revision (master)
$
